// Jest Snapshot v1, https://goo.gl/fbAQLP

exports[`CriteriaSidebarItem should render 1`] = `
<div>
  <li
    class="align-items-center c-gap-3 criteria-sidebar-item-root d-flex mb-1 mx-4 px-2 py-1 text-3"
    data-testid="criteria-item-Page Views"
  >
    <span
      class="sticker criteria-sidebar-item-sticker flex-shrink-0 sticker-sm"
      style="--criteria-sticker-bg: var(--cadmin-indigo-l5); --criteria-sticker-color: var(--cadmin-indigo);"
    >
      <span
        class="sticker-overlay"
      >
        <svg
          class="lexicon-icon lexicon-icon-text"
          role="presentation"
        >
          <use
            href="#text"
          />
        </svg>
      </span>
    </span>
    <span
      class="autofit-col-expand"
    >
      Page Views
    </span>
  </li>
</div>
`;
